FoundryVTT | 2025-11-15 16:49:35 | [[32minfo[39m] Running on Node.js - Version 20.18.3
FoundryVTT | 2025-11-15 16:49:35 | [[32minfo[39m] Foundry Virtual Tabletop - Version 13 Build 347
FoundryVTT | 2025-11-15 16:49:35 | [[32minfo[39m] User Data Directory - "/home/quique/snap/code/212/.local/share/FoundryVTT"
FoundryVTT | 2025-11-15 16:49:35 | [[32minfo[39m] Application Options:
{
  "compressStatic": true,
  "fullscreen": false,
  "hostname": null,
  "language": "en.core",
  "localHostname": null,
  "port": 30000,
  "proxyPort": null,
  "proxySSL": false,
  "routePrefix": null,
  "updateChannel": "stable",
  "upnp": true,
  "awsConfig": null,
  "compressSocket": true,
  "cssTheme": "dark",
  "deleteNEDB": false,
  "hotReload": false,
  "passwordSalt": null,
  "sslCert": null,
  "sslKey": null,
  "world": null,
  "serviceConfig": null,
  "telemetry": false,
  "adminPassword": null,
  "noBackups": false
}
FoundryVTT | 2025-11-15 16:49:35 | [[32minfo[39m] Software license verification succeeded
FoundryVTT | 2025-11-15 16:49:35 | [[32minfo[39m] Requesting UPnP port forwarding to destination port 30000
FoundryVTT | 2025-11-15 16:49:35 | [[32minfo[39m] Running Electron application with version 34.4.0 using Chromium 132.0.6834.210
FoundryVTT | 2025-11-15 16:49:35 | [[32minfo[39m] Server started and listening on port 30000
FoundryVTT | 2025-11-15 16:49:37 | [[32minfo[39m] Created client session e232e8817799cd593dba3ec2
[235457:1115/164937.370144:ERROR:gl_surface_presentation_helper.cc(260)] GetVSyncParametersIfAvailable() failed for 1 times!
FoundryVTT | 2025-11-15 16:49:38 | [[32minfo[39m] Core software stable update 13.351 is available!
[235457:1115/164941.388239:ERROR:gl_surface_presentation_helper.cc(260)] GetVSyncParametersIfAvailable() failed for 2 times!
[235457:1115/164944.181410:ERROR:gl_surface_presentation_helper.cc(260)] GetVSyncParametersIfAvailable() failed for 3 times!
FoundryVTT | 2025-11-15 16:49:58 | [[32minfo[39m] Uninstalled system dnd5e
